// Jest Snapshot v1, https://goo.gl/fbAQLP

exports[`Button component test renders correctly with default params 1`] = `
<TextInput
  allowFontScaling={true}
  onChangeText={[MockFunction]}
  placeholder="placeHolder"
  placeholderTextColor="rgba(144, 144, 144, 1)"
  rejectResponderTermination={true}
  style={
    Array [
      Object {
        "borderBottomColor": "rgba(144, 144, 144, 1)",
        "borderBottomWidth": 1,
        "color": "rgba(0, 0, 0, 1)",
        "fontSize": 18,
        "lineHeight": 22,
        "padding": 10,
      },
      undefined,
    ]
  }
  testID="text-field"
  underlineColorAndroid="transparent"
  value=""
/>
`;
