// Jest Snapshot v1, https://goo.gl/fbAQLP

exports[`Button component test renders correctly 1`] = `
<View
  style={
    Object {
      "marginTop": 32,
      "paddingHorizontal": 32,
    }
  }
>
  <Text
    style={
      Object {
        "color": "#000000",
        "fontFamily": "System",
        "fontSize": 24,
        "fontWeight": "400",
        "includeFontPadding": false,
        "lineHeight": 30,
        "marginBottom": 10,
        "textAlign": undefined,
      }
    }
    testID="Text"
  >
    Title
  </Text>
  <View
    style={
      Object {
        "flexDirection": "row",
        "flexWrap": "wrap",
      }
    }
  >
    <View
      accessible={true}
      collapsable={false}
      focusable={true}
      onBlur={[Function]}
      onClick={[Function]}
      onFocus={[Function]}
      onResponderGrant={[Function]}
      onResponderMove={[Function]}
      onResponderRelease={[Function]}
      onResponderTerminate={[Function]}
      onResponderTerminationRequest={[Function]}
      onStartShouldSetResponder={[Function]}
      style={
        Array [
          Object {
            "alignItems": "center",
            "borderRadius": 16,
            "justifyContent": "center",
          },
          Object {
            "backgroundColor": "#edf3f7",
          },
          Object {
            "padding": 16,
          },
          false,
          false,
          Object {
            "marginBottom": 10,
            "marginRight": 10,
          },
        ]
      }
      testID="Button"
    >
      <Text
        style={
          Object {
            "color": "#00bbd4",
            "fontFamily": "System",
            "fontSize": 16,
            "fontWeight": "600",
            "includeFontPadding": false,
            "lineHeight": 20,
            "textAlign": undefined,
          }
        }
        testID="Text"
      >
        Sat, 5-Jun
      </Text>
    </View>
    <View
      accessible={true}
      collapsable={false}
      focusable={true}
      onBlur={[Function]}
      onClick={[Function]}
      onFocus={[Function]}
      onResponderGrant={[Function]}
      onResponderMove={[Function]}
      onResponderRelease={[Function]}
      onResponderTerminate={[Function]}
      onResponderTerminationRequest={[Function]}
      onStartShouldSetResponder={[Function]}
      style={
        Array [
          Object {
            "alignItems": "center",
            "borderRadius": 16,
            "justifyContent": "center",
          },
          Object {
            "backgroundColor": "#edf3f7",
          },
          Object {
            "padding": 16,
          },
          false,
          false,
          Object {
            "marginBottom": 10,
            "marginRight": 10,
          },
        ]
      }
      testID="Button"
    >
      <Text
        style={
          Object {
            "color": "#00bbd4",
            "fontFamily": "System",
            "fontSize": 16,
            "fontWeight": "600",
            "includeFontPadding": false,
            "lineHeight": 20,
            "textAlign": undefined,
          }
        }
        testID="Text"
      >
        Sun, 6-Jun
      </Text>
    </View>
  </View>
</View>
`;
