// Jest Snapshot v1, https://goo.gl/fbAQLP

exports[`Button component test renders correctly 1`] = `
Array [
  <View
    style={
      Array [
        Object {
          "flexDirection": "row",
          "flexWrap": "wrap",
          "justifyContent": "space-between",
        },
        undefined,
      ]
    }
  >
    <View
      accessible={true}
      collapsable={false}
      focusable={true}
      onBlur={[Function]}
      onClick={[Function]}
      onFocus={[Function]}
      onResponderGrant={[Function]}
      onResponderMove={[Function]}
      onResponderRelease={[Function]}
      onResponderTerminate={[Function]}
      onResponderTerminationRequest={[Function]}
      onStartShouldSetResponder={[Function]}
      style={
        Array [
          Object {
            "alignItems": "center",
            "borderRadius": 16,
            "justifyContent": "center",
          },
          Object {
            "backgroundColor": "#f2f7f9",
          },
          Object {
            "height": 70,
            "padding": 10,
            "width": 75,
          },
          false,
          false,
          Object {
            "marginBottom": 10,
            "marginRight": 18,
          },
        ]
      }
      testID="Button"
    >
      <Text
        allowFontScaling={false}
        style={
          Array [
            Object {
              "color": "#00bbd4",
              "fontSize": 24,
            },
            Array [
              Object {
                "lineHeight": 24,
                "textAlign": "center",
              },
              Object {
                "padding": 6,
              },
            ],
            Object {
              "fontFamily": "doctor-font",
              "fontStyle": "normal",
              "fontWeight": "normal",
            },
            Object {},
          ]
        }
      >
        
      </Text>
      <Text
        style={
          Object {
            "color": "#a6aaad",
            "fontFamily": "System",
            "fontSize": 10,
            "fontWeight": "400",
            "includeFontPadding": false,
            "lineHeight": 10,
            "textAlign": undefined,
          }
        }
        testID="Text"
      >
        Diagnosis
      </Text>
    </View>
    <View
      accessible={true}
      collapsable={false}
      focusable={true}
      onBlur={[Function]}
      onClick={[Function]}
      onFocus={[Function]}
      onResponderGrant={[Function]}
      onResponderMove={[Function]}
      onResponderRelease={[Function]}
      onResponderTerminate={[Function]}
      onResponderTerminationRequest={[Function]}
      onStartShouldSetResponder={[Function]}
      style={
        Array [
          Object {
            "alignItems": "center",
            "borderRadius": 16,
            "justifyContent": "center",
          },
          Object {
            "backgroundColor": "#f2f7f9",
          },
          Object {
            "height": 70,
            "padding": 10,
            "width": 75,
          },
          false,
          false,
          Object {
            "marginBottom": 10,
            "marginRight": 18,
          },
        ]
      }
      testID="Button"
    >
      <Text
        allowFontScaling={false}
        style={
          Array [
            Object {
              "color": "#00bbd4",
              "fontSize": 24,
            },
            Array [
              Object {
                "lineHeight": 24,
                "textAlign": "center",
              },
              Object {
                "padding": 6,
              },
            ],
            Object {
              "fontFamily": "doctor-font",
              "fontStyle": "normal",
              "fontWeight": "normal",
            },
            Object {},
          ]
        }
      >
        
      </Text>
      <Text
        style={
          Object {
            "color": "#a6aaad",
            "fontFamily": "System",
            "fontSize": 10,
            "fontWeight": "400",
            "includeFontPadding": false,
            "lineHeight": 10,
            "textAlign": undefined,
          }
        }
        testID="Text"
      >
        Bandage
      </Text>
    </View>
    <View
      accessible={true}
      collapsable={false}
      focusable={true}
      onBlur={[Function]}
      onClick={[Function]}
      onFocus={[Function]}
      onResponderGrant={[Function]}
      onResponderMove={[Function]}
      onResponderRelease={[Function]}
      onResponderTerminate={[Function]}
      onResponderTerminationRequest={[Function]}
      onStartShouldSetResponder={[Function]}
      style={
        Array [
          Object {
            "alignItems": "center",
            "borderRadius": 16,
            "justifyContent": "center",
          },
          Object {
            "backgroundColor": "#f2f7f9",
          },
          Object {
            "height": 70,
            "padding": 10,
            "width": 75,
          },
          false,
          false,
          Object {
            "marginBottom": 10,
            "marginRight": 18,
          },
        ]
      }
      testID="Button"
    >
      <Text
        allowFontScaling={false}
        style={
          Array [
            Object {
              "color": "#00bbd4",
              "fontSize": 24,
            },
            Array [
              Object {
                "lineHeight": 24,
                "textAlign": "center",
              },
              Object {
                "padding": 6,
              },
            ],
            Object {
              "fontFamily": "doctor-font",
              "fontStyle": "normal",
              "fontWeight": "normal",
            },
            Object {},
          ]
        }
      >
        
      </Text>
      <Text
        style={
          Object {
            "color": "#a6aaad",
            "fontFamily": "System",
            "fontSize": 10,
            "fontWeight": "400",
            "includeFontPadding": false,
            "lineHeight": 10,
            "textAlign": undefined,
          }
        }
        testID="Text"
      >
        Shots
      </Text>
    </View>
    <View
      accessible={true}
      collapsable={false}
      focusable={true}
      onBlur={[Function]}
      onClick={[Function]}
      onFocus={[Function]}
      onResponderGrant={[Function]}
      onResponderMove={[Function]}
      onResponderRelease={[Function]}
      onResponderTerminate={[Function]}
      onResponderTerminationRequest={[Function]}
      onStartShouldSetResponder={[Function]}
      style={
        Array [
          Object {
            "alignItems": "center",
            "borderRadius": 16,
            "justifyContent": "center",
          },
          Object {
            "backgroundColor": "#f2f7f9",
          },
          Object {
            "height": 70,
            "padding": 10,
            "width": 75,
          },
          false,
          false,
          undefined,
        ]
      }
      testID="Button"
    >
      <Text
        allowFontScaling={false}
        style={
          Array [
            Object {
              "color": "#00bbd4",
              "fontSize": 24,
            },
            Array [
              Object {
                "lineHeight": 24,
                "textAlign": "center",
              },
              Object {
                "padding": 6,
              },
            ],
            Object {
              "fontFamily": "doctor-font",
              "fontStyle": "normal",
              "fontWeight": "normal",
            },
            Object {},
          ]
        }
      >
        
      </Text>
      <Text
        style={
          Object {
            "color": "#a6aaad",
            "fontFamily": "System",
            "fontSize": 10,
            "fontWeight": "400",
            "includeFontPadding": false,
            "lineHeight": 10,
            "textAlign": undefined,
          }
        }
        testID="Text"
      >
        Ambulance
      </Text>
    </View>
    <View
      accessible={true}
      collapsable={false}
      focusable={true}
      onBlur={[Function]}
      onClick={[Function]}
      onFocus={[Function]}
      onResponderGrant={[Function]}
      onResponderMove={[Function]}
      onResponderRelease={[Function]}
      onResponderTerminate={[Function]}
      onResponderTerminationRequest={[Function]}
      onStartShouldSetResponder={[Function]}
      style={
        Array [
          Object {
            "alignItems": "center",
            "borderRadius": 16,
            "justifyContent": "center",
          },
          Object {
            "backgroundColor": "#f2f7f9",
          },
          Object {
            "height": 70,
            "padding": 10,
            "width": 75,
          },
          false,
          false,
          Object {
            "marginBottom": 10,
            "marginRight": 18,
          },
        ]
      }
      testID="Button"
    >
      <Text
        allowFontScaling={false}
        style={
          Array [
            Object {
              "color": "#00bbd4",
              "fontSize": 24,
            },
            Array [
              Object {
                "lineHeight": 24,
                "textAlign": "center",
              },
              Object {
                "padding": 6,
              },
            ],
            Object {
              "fontFamily": "doctor-font",
              "fontStyle": "normal",
              "fontWeight": "normal",
            },
            Object {},
          ]
        }
      >
        
      </Text>
      <Text
        style={
          Object {
            "color": "#a6aaad",
            "fontFamily": "System",
            "fontSize": 10,
            "fontWeight": "400",
            "includeFontPadding": false,
            "lineHeight": 10,
            "textAlign": undefined,
          }
        }
        testID="Text"
      >
        Heartbeats
      </Text>
    </View>
    <View
      accessible={true}
      collapsable={false}
      focusable={true}
      onBlur={[Function]}
      onClick={[Function]}
      onFocus={[Function]}
      onResponderGrant={[Function]}
      onResponderMove={[Function]}
      onResponderRelease={[Function]}
      onResponderTerminate={[Function]}
      onResponderTerminationRequest={[Function]}
      onStartShouldSetResponder={[Function]}
      style={
        Array [
          Object {
            "alignItems": "center",
            "borderRadius": 16,
            "justifyContent": "center",
          },
          Object {
            "backgroundColor": "#f2f7f9",
          },
          Object {
            "height": 70,
            "padding": 10,
            "width": 75,
          },
          false,
          false,
          Object {
            "marginBottom": 10,
            "marginRight": 18,
          },
        ]
      }
      testID="Button"
    >
      <Text
        allowFontScaling={false}
        style={
          Array [
            Object {
              "color": "#00bbd4",
              "fontSize": 24,
            },
            Array [
              Object {
                "lineHeight": 24,
                "textAlign": "center",
              },
              Object {
                "padding": 6,
              },
            ],
            Object {
              "fontFamily": "doctor-font",
              "fontStyle": "normal",
              "fontWeight": "normal",
            },
            Object {},
          ]
        }
      >
        
      </Text>
      <Text
        style={
          Object {
            "color": "#a6aaad",
            "fontFamily": "System",
            "fontSize": 10,
            "fontWeight": "400",
            "includeFontPadding": false,
            "lineHeight": 10,
            "textAlign": undefined,
          }
        }
        testID="Text"
      >
        Checkup
      </Text>
    </View>
    <View
      accessible={true}
      collapsable={false}
      focusable={true}
      onBlur={[Function]}
      onClick={[Function]}
      onFocus={[Function]}
      onResponderGrant={[Function]}
      onResponderMove={[Function]}
      onResponderRelease={[Function]}
      onResponderTerminate={[Function]}
      onResponderTerminationRequest={[Function]}
      onStartShouldSetResponder={[Function]}
      style={
        Array [
          Object {
            "alignItems": "center",
            "borderRadius": 16,
            "justifyContent": "center",
          },
          Object {
            "backgroundColor": "#f2f7f9",
          },
          Object {
            "height": 70,
            "padding": 10,
            "width": 75,
          },
          false,
          false,
          Object {
            "marginBottom": 10,
            "marginRight": 18,
          },
        ]
      }
      testID="Button"
    >
      <Text
        allowFontScaling={false}
        style={
          Array [
            Object {
              "color": "#00bbd4",
              "fontSize": 24,
            },
            Array [
              Object {
                "lineHeight": 24,
                "textAlign": "center",
              },
              Object {
                "padding": 6,
              },
            ],
            Object {
              "fontFamily": "doctor-font",
              "fontStyle": "normal",
              "fontWeight": "normal",
            },
            Object {},
          ]
        }
      >
        
      </Text>
      <Text
        style={
          Object {
            "color": "#a6aaad",
            "fontFamily": "System",
            "fontSize": 10,
            "fontWeight": "400",
            "includeFontPadding": false,
            "lineHeight": 10,
            "textAlign": undefined,
          }
        }
        testID="Text"
      >
        Medicines
      </Text>
    </View>
    <View
      accessible={true}
      collapsable={false}
      focusable={true}
      onBlur={[Function]}
      onClick={[Function]}
      onFocus={[Function]}
      onResponderGrant={[Function]}
      onResponderMove={[Function]}
      onResponderRelease={[Function]}
      onResponderTerminate={[Function]}
      onResponderTerminationRequest={[Function]}
      onStartShouldSetResponder={[Function]}
      style={
        Array [
          Object {
            "alignItems": "center",
            "borderRadius": 16,
            "justifyContent": "center",
          },
          Object {
            "backgroundColor": "#f2f7f9",
          },
          Object {
            "height": 70,
            "padding": 10,
            "width": 75,
          },
          false,
          false,
          undefined,
        ]
      }
      testID="Button"
    >
      <Text
        allowFontScaling={false}
        style={
          Array [
            Object {
              "color": "#00bbd4",
              "fontSize": 24,
            },
            Array [
              Object {
                "lineHeight": 24,
                "textAlign": "center",
              },
              Object {
                "padding": 6,
              },
            ],
            Object {
              "fontFamily": "doctor-font",
              "fontStyle": "normal",
              "fontWeight": "normal",
            },
            Object {},
          ]
        }
      >
        
      </Text>
      <Text
        style={
          Object {
            "color": "#a6aaad",
            "fontFamily": "System",
            "fontSize": 10,
            "fontWeight": "400",
            "includeFontPadding": false,
            "lineHeight": 10,
            "textAlign": undefined,
          }
        }
        testID="Text"
      >
        Advice
      </Text>
    </View>
  </View>,
  <View
    accessible={true}
    collapsable={false}
    focusable={true}
    onBlur={[Function]}
    onClick={[Function]}
    onFocus={[Function]}
    onResponderGrant={[Function]}
    onResponderMove={[Function]}
    onResponderRelease={[Function]}
    onResponderTerminate={[Function]}
    onResponderTerminationRequest={[Function]}
    onStartShouldSetResponder={[Function]}
    style={
      Array [
        Object {
          "alignItems": "center",
          "borderRadius": 16,
          "justifyContent": "center",
        },
        Object {
          "backgroundColor": "#00bbd4",
        },
        Object {
          "padding": 16,
        },
        false,
        false,
        Object {
          "marginVertical": 10,
        },
      ]
    }
    testID="search-button"
  >
    <Text
      style={
        Object {
          "color": "#ffffff",
          "fontFamily": "System",
          "fontSize": 16,
          "fontWeight": "600",
          "includeFontPadding": false,
          "lineHeight": 20,
          "textAlign": undefined,
        }
      }
      testID="Text"
    >
      Available doctors
    </Text>
  </View>,
]
`;
